Warning: Found unknown `fuzz_runs` config for profile `default` defined in foundry.toml.
Compiling 62 files with Solc 0.8.17
Solc 0.8.17 finished in 52.43s
Compiler run successful with warnings:
Warning (5740): Unreachable code.
   --> lib/solmate/src/tokens/ERC20.sol:135:25:
    |
135 |                         keccak256(
    |                         ^ (Relevant source part starts here and spans across multiple lines).

Warning (5740): Unreachable code.
   --> lib/solmate/src/tokens/ERC20.sol:156:13:
    |
156 |             allowance[recoveredAddress][spender] = value;
    |             ^ (Relevant source part starts here and spans across multiple lines).


╭------------------------------------------------------------+------------------+-------------------+--------------------+---------------------╮
| Contract                                                   | Runtime Size (B) | Initcode Size (B) | Runtime Margin (B) | Initcode Margin (B) |
+==============================================================================================================================================+
| AddressBuilder                                             | 959              | 991               | 23,617             | 48,161              |
|------------------------------------------------------------+------------------+-------------------+--------------------+---------------------|
| AllowanceTransfer                                          | 5,774            | 5,967             | 18,802             | 43,185              |
|------------------------------------------------------------+------------------+-------------------+--------------------+---------------------|
| AmountBuilder                                              | 1,838            | 1,870             | 22,738             | 47,282              |
|------------------------------------------------------------+------------------+-------------------+--------------------+---------------------|
| EIP712 (src/EIP712.sol)                                    | 367              | 558               | 24,209             | 48,594              |
|------------------------------------------------------------+------------------+-------------------+--------------------+---------------------|
| MockERC1155                                                | 4,043            | 4,071             | 20,533             | 45,081              |
|------------------------------------------------------------+------------------+-------------------+--------------------+---------------------|
| MockERC20 (lib/solmate/src/test/utils/mocks/MockERC20.sol) | 3,872            | 5,178             | 20,704             | 43,974              |
|------------------------------------------------------------+------------------+-------------------+--------------------+---------------------|
| MockERC20 (test/mocks/MockERC20.sol)                       | 3,699            | 5,005             | 20,877             | 44,147              |
|------------------------------------------------------------+------------------+-------------------+--------------------+---------------------|
| MockERC721                                                 | 4,404            | 5,355             | 20,172             | 43,797              |
|------------------------------------------------------------+------------------+-------------------+--------------------+---------------------|
| MockFallbackERC20                                          | 2,481            | 3,465             | 22,095             | 45,687              |
|------------------------------------------------------------+------------------+-------------------+--------------------+---------------------|
| MockHash                                                   | 2,658            | 2,686             | 21,918             | 46,466              |
|------------------------------------------------------------+------------------+-------------------+--------------------+---------------------|
| MockNonPermitERC20                                         | 3,332            | 4,632             | 21,244             | 44,520              |
|------------------------------------------------------------+------------------+-------------------+--------------------+---------------------|
| MockNonPermitNonERC20WithDS                                | 356              | 384               | 24,220             | 48,768              |
|------------------------------------------------------------+------------------+-------------------+--------------------+---------------------|
| MockPermit2                                                | 9,965            | 10,158            | 14,611             | 38,994              |
|------------------------------------------------------------+------------------+-------------------+--------------------+---------------------|
| MockPermitWithLargerDS                                     | 3,258            | 4,558             | 21,318             | 44,594              |
|------------------------------------------------------------+------------------+-------------------+--------------------+---------------------|
| MockPermitWithSmallDS                                      | 3,396            | 4,696             | 21,180             | 44,456              |
|------------------------------------------------------------+------------------+-------------------+--------------------+---------------------|
| MockSignatureVerification                                  | 1,089            | 1,117             | 23,487             | 48,035              |
|------------------------------------------------------------+------------------+-------------------+--------------------+---------------------|
| Permit2                                                    | 9,152            | 9,345             | 15,424             | 39,807              |
|------------------------------------------------------------+------------------+-------------------+--------------------+---------------------|
| PermitHash                                                 | 1,442            | 1,474             | 23,134             | 47,678              |
|------------------------------------------------------------+------------------+-------------------+--------------------+---------------------|
| PermitSignature                                            | 644              | 672               | 23,932             | 48,480              |
|------------------------------------------------------------+------------------+-------------------+--------------------+---------------------|
| Permitter                                                  | 3,225            | 3,953             | 21,351             | 45,199              |
|------------------------------------------------------------+------------------+-------------------+--------------------+---------------------|
| SignatureTransfer                                          | 5,369            | 5,562             | 19,207             | 43,590              |
|------------------------------------------------------------+------------------+-------------------+--------------------+---------------------|
| StructBuilder                                              | 2,223            | 2,255             | 22,353             | 46,897              |
|------------------------------------------------------------+------------------+-------------------+--------------------+---------------------|
| TokenProvider                                              | 18,350           | 18,399            | 6,226              | 30,753              |
╰------------------------------------------------------------+------------------+-------------------+--------------------+---------------------╯

warning[unsafe-typecast]: typecast can truncate values
   ╭▸ src/libraries/SafeCast160.sol:12:16
   │
12 │         return uint160(value);
   │                ━━━━━━━━━━━━━━
   │
   ├ note: consider disabling this lint if you're certain the cast is safe
   │       
   │       // casting to 'uint160' is safe because [explain why]
   │       // forge-lint: disable-next-line(unsafe-typecast)
   │       
   │       
   ╰ help: https://getfoundry.sh/forge/linting/unsafe-typecast

warning[arbitrary-send-erc20]: `transferFrom` uses an arbitrary `from`; require it to equal `msg.sender` or `address(this)`
   ╭▸ src/SignatureTransfer.sol:67:9
   │
67 │         ERC20(permit.permitted.token).safeTransferFrom(owner, transferDetails.to, requestedAmount);
   │         ━━━━━━━━━━━━━━━━━━━━━━━━━━━━━━━━━━━━━━━━━━━━━━━━━━━━━━━━━━━━━━━━━━━━━━━━━━━━━━━━━━━━━━━━━━
   │
   ╰ help: https://getfoundry.sh/forge/linting/arbitrary-send-erc20

warning[block-timestamp]: usage of `block.timestamp` in a comparison may be manipulated by validators
   ╭▸ src/SignatureTransfer.sol:60:13
   │
60 │         if (block.timestamp > permit.deadline) revert SignatureExpired(permit.deadline);
   │             ━━━━━━━━━━━━━━━━━━━━━━━━━━━━━━━━━
   │
   ╰ help: https://getfoundry.sh/forge/linting/block-timestamp

warning[uninitialized-local]: local variable is read before being initialized
    ╭▸ src/libraries/Permit2Lib.sol:108:13
    │
108 │         if (success) {
    │             ━━━━━━━
    │
    ╰ help: https://getfoundry.sh/forge/linting/uninitialized-local

warning[uninitialized-local]: local variable is read before being initialized
    ╭▸ src/libraries/Permit2Lib.sol:111:25
    │
111 │             inputData = domainSeparator == DAI_DOMAIN_SEPARATOR
    │                         ━━━━━━━━━━━━━━━
    │
    ╰ help: https://getfoundry.sh/forge/linting/uninitialized-local

warning[solmate-safe-transfer-lib]: the `SafeTransferLib` from Solmate does not check that the token has code, so a transfer to a token-less address succeeds silently
   ╭▸ src/SignatureTransfer.sol:67:9
   │
67 │         ERC20(permit.permitted.token).safeTransferFrom(owner, transferDetails.to, requestedAmount);
   │         ━━━━━━━━━━━━━━━━━━━━━━━━━━━━━━━━━━━━━━━━━━━━━━
   │
   ╰ help: https://getfoundry.sh/forge/linting/solmate-safe-transfer-lib

warning[block-timestamp]: usage of `block.timestamp` in a comparison may be manipulated by validators
   ╭▸ src/AllowanceTransfer.sol:34:13
   │
34 │         if (block.timestamp > permitSingle.sigDeadline) revert SignatureExpired(permitSingle.sigDeadline);
   │             ━━━━━━━━━━━━━━━━━━━━━━━━━━━━━━━━━━━━━━━━━━
   │
   ╰ help: https://getfoundry.sh/forge/linting/block-timestamp

warning[unused-return]: return value of an external call is not used
    ╭▸ src/libraries/Permit2Lib.sol:146:29
    │
146 │         (,, uint48 nonce) = PERMIT2.allowance(owner, address(token), spender);
    │                             ━━━━━━━━━━━━━━━━━━━━━━━━━━━━━━━━━━━━━━━━━━━━━━━━━
    │
    ╰ help: https://getfoundry.sh/forge/linting/unused-return

warning[unsafe-typecast]: typecast can truncate values
   ╭▸ src/libraries/Allowance.sol:24:78
   │
24 │         uint48 storedExpiration = expiration == BLOCK_TIMESTAMP_EXPIRATION ? uint48(block.timestamp) : expiration;
   │                                                                              ━━━━━━━━━━━━━━━━━━━━━━━
   │
   ├ note: consider disabling this lint if you're certain the cast is safe
   │       
   │       // casting to 'uint48' is safe because [explain why]
   │       // forge-lint: disable-next-line(unsafe-typecast)
   │       
   │       
   ╰ help: https://getfoundry.sh/forge/linting/unsafe-typecast

warning[encode-packed-collision]: `abi.encodePacked()` called with multiple dynamic type arguments; hash collisions possible
   ╭▸ src/libraries/PermitHash.sol:90:38
   │
90 │         bytes32 typeHash = keccak256(abi.encodePacked(_PERMIT_TRANSFER_FROM_WITNESS_TYPEHASH_STUB, witnessTypeString));
   │                                      ━━━━━━━━━━━━━━━━━━━━━━━━━━━━━━━━━━━━━━━━━━━━━━━━━━━━━━━━━━━━━━━━━━━━━━━━━━━━━━━━
   │
   ╰ help: https://getfoundry.sh/forge/linting/encode-packed-collision

warning[block-timestamp]: usage of `block.timestamp` in a comparison may be manipulated by validators
   ╭▸ src/AllowanceTransfer.sol:44:13
   │
44 │         if (block.timestamp > permitBatch.sigDeadline) revert SignatureExpired(permitBatch.sigDeadline);
   │             ━━━━━━━━━━━━━━━━━━━━━━━━━━━━━━━━━━━━━━━━━
   │
   ╰ help: https://getfoundry.sh/forge/linting/block-timestamp

warning[encode-packed-collision]: `abi.encodePacked()` called with multiple dynamic type arguments; hash collisions possible
    ╭▸ src/libraries/PermitHash.sol:102:23
    │
102 │             keccak256(abi.encodePacked(_PERMIT_BATCH_WITNESS_TRANSFER_FROM_TYPEHASH_STUB, witnessTypeString));
    │                       ━━━━━━━━━━━━━━━━━━━━━━━━━━━━━━━━━━━━━━━━━━━━━━━━━━━━━━━━━━━━━━━━━━━━━━━━━━━━━━━━━━━━━━
    │
    ╰ help: https://getfoundry.sh/forge/linting/encode-packed-collision

warning[unsafe-typecast]: typecast can truncate values
   ╭▸ src/libraries/Allowance.sol:40:48
   │
40 │         allowed.expiration = expiration == 0 ? uint48(block.timestamp) : expiration;
   │                                                ━━━━━━━━━━━━━━━━━━━━━━━
   │
   ├ note: consider disabling this lint if you're certain the cast is safe
   │       
   │       // casting to 'uint48' is safe because [explain why]
   │       // forge-lint: disable-next-line(unsafe-typecast)
   │       
   │       
   ╰ help: https://getfoundry.sh/forge/linting/unsafe-typecast

warning[require-revert-in-loop]: `require` or `revert` inside a loop
    ╭▸ src/AllowanceTransfer.sol:138:37
    │
138 │         if (allowed.nonce != nonce) revert InvalidNonce();
    │                                     ━━━━━━━━━━━━━━━━━━━━━━
    │
    ╰ help: https://getfoundry.sh/forge/linting/require-revert-in-loop

warning[arbitrary-send-erc20]: `transferFrom` uses an arbitrary `from`; require it to equal `msg.sender` or `address(this)`
    ╭▸ src/SignatureTransfer.sol:123:21
    │
123 │                     ERC20(permitted.token).safeTransferFrom(owner, transferDetails[i].to, requestedAmount);
    │                     ━━━━━━━━━━━━━━━━━━━━━━━━━━━━━━━━━━━━━━━━━━━━━━━━━━━━━━━━━━━━━━━━━━━━━━━━━━━━━━━━━━━━━━
    │
    ╰ help: https://getfoundry.sh/forge/linting/arbitrary-send-erc20

warning[require-revert-in-loop]: `require` or `revert` inside a loop
   ╭▸ src/AllowanceTransfer.sol:79:51
   │
79 │         if (block.timestamp > allowed.expiration) revert AllowanceExpired(allowed.expiration);
   │                                                   ━━━━━━━━━━━━━━━━━━━━━━━━━━━━━━━━━━━━━━━━━━━━
   │
   ╰ help: https://getfoundry.sh/forge/linting/require-revert-in-loop

warning[block-timestamp]: usage of `block.timestamp` in a comparison may be manipulated by validators
    ╭▸ src/SignatureTransfer.sol:108:13
    │
108 │         if (block.timestamp > permit.deadline) revert SignatureExpired(permit.deadline);
    │             ━━━━━━━━━━━━━━━━━━━━━━━━━━━━━━━━━
    │
    ╰ help: https://getfoundry.sh/forge/linting/block-timestamp

warning[require-revert-in-loop]: `require` or `revert` inside a loop
   ╭▸ src/AllowanceTransfer.sol:84:17
   │
84 │                 revert InsufficientAllowance(maxAmount);
   │                 ━━━━━━━━━━━━━━━━━━━━━━━━━━━━━━━━━━━━━━━━
   │
   ╰ help: https://getfoundry.sh/forge/linting/require-revert-in-loop

warning[ecrecover]: `ecrecover` call does not reject malleable signatures
   ╭▸ src/libraries/SignatureVerification.sol:39:30
   │
39 │             address signer = ecrecover(hash, v, r, s);
   │                              ━━━━━━━━━━━━━━━━━━━━━━━━
   │
   ╰ help: https://getfoundry.sh/forge/linting/ecrecover

warning[require-revert-in-loop]: `require` or `revert` inside a loop
    ╭▸ src/SignatureTransfer.sol:119:57
    │
119 │                 if (requestedAmount > permitted.amount) revert InvalidAmount(permitted.amount);
    │                                                         ━━━━━━━━━━━━━━━━━━━━━━━━━━━━━━━━━━━━━━━
    │
    ╰ help: https://getfoundry.sh/forge/linting/require-revert-in-loop

warning[solmate-safe-transfer-lib]: the `SafeTransferLib` from Solmate does not check that the token has code, so a transfer to a token-less address succeeds silently
    ╭▸ src/SignatureTransfer.sol:123:21
    │
123 │                     ERC20(permitted.token).safeTransferFrom(owner, transferDetails[i].to, requestedAmount);
    │                     ━━━━━━━━━━━━━━━━━━━━━━━━━━━━━━━━━━━━━━━
    │
    ╰ help: https://getfoundry.sh/forge/linting/solmate-safe-transfer-lib

warning[unsafe-typecast]: typecast can truncate values
    ╭▸ src/SignatureTransfer.sol:143:19
    │
143 │         wordPos = uint248(nonce >> 8);
    │                   ━━━━━━━━━━━━━━━━━━━
    │
    ├ note: consider disabling this lint if you're certain the cast is safe
    │       
    │       // casting to 'uint248' is safe because [explain why]
    │       // forge-lint: disable-next-line(unsafe-typecast)
    │       
    │       
    ╰ help: https://getfoundry.sh/forge/linting/unsafe-typecast

warning[unsafe-typecast]: typecast can truncate values
    ╭▸ src/SignatureTransfer.sol:144:18
    │
144 │         bitPos = uint8(nonce);
    │                  ━━━━━━━━━━━━
    │
    ├ note: consider disabling this lint if you're certain the cast is safe
    │       
    │       // casting to 'uint8' is safe because [explain why]
    │       // forge-lint: disable-next-line(unsafe-typecast)
    │       
    │       
    ╰ help: https://getfoundry.sh/forge/linting/unsafe-typecast

warning[arbitrary-send-erc20]: `transferFrom` uses an arbitrary `from`; require it to equal `msg.sender` or `address(this)`
   ╭▸ src/AllowanceTransfer.sol:93:9
   │
93 │         ERC20(token).safeTransferFrom(from, to, amount);
   │         ━━━━━━━━━━━━━━━━━━━━━━━━━━━━━━━━━━━━━━━━━━━━━━━
   │
   ╰ help: https://getfoundry.sh/forge/linting/arbitrary-send-erc20

warning[block-timestamp]: usage of `block.timestamp` in a comparison may be manipulated by validators
   ╭▸ src/AllowanceTransfer.sol:79:13
   │
79 │         if (block.timestamp > allowed.expiration) revert AllowanceExpired(allowed.expiration);
   │             ━━━━━━━━━━━━━━━━━━━━━━━━━━━━━━━━━━━━
   │
   ╰ help: https://getfoundry.sh/forge/linting/block-timestamp

warning[unsafe-typecast]: typecast can truncate values
   ╭▸ src/AllowanceTransfer.sol:87:38
   │
87 │                     allowed.amount = uint160(maxAmount) - amount;
   │                                      ━━━━━━━━━━━━━━━━━━
   │
   ├ note: consider disabling this lint if you're certain the cast is safe
   │       
   │       // casting to 'uint160' is safe because [explain why]
   │       // forge-lint: disable-next-line(unsafe-typecast)
   │       
   │       
   ╰ help: https://getfoundry.sh/forge/linting/unsafe-typecast

warning[solmate-safe-transfer-lib]: the `SafeTransferLib` from Solmate does not check that the token has code, so a transfer to a token-less address succeeds silently
   ╭▸ src/AllowanceTransfer.sol:93:9
   │
93 │         ERC20(token).safeTransferFrom(from, to, amount);
   │         ━━━━━━━━━━━━━━━━━━━━━━━━━━━━━
   │
   ╰ help: https://getfoundry.sh/forge/linting/solmate-safe-transfer-lib

