Compiling 123 files with Solc 0.8.26
Solc 0.8.26 finished in 15.38s
Compiler run successful!

╭-----------------------------------------------------------------------------------------------------------------------------------------------------------------+------------------+-------------------+--------------------+---------------------╮
| Contract                                                                                                                                                        | Runtime Size (B) | Initcode Size (B) | Runtime Margin (B) | Initcode Margin (B) |
+===================================================================================================================================================================================================================================================+
| BalanceDeltaLibrary (../lib/v4-deployment-periphery/lib/v4-core/src/types/BalanceDelta.sol)                                                                     | 70               | 98                | 24,506             | 49,054              |
|-----------------------------------------------------------------------------------------------------------------------------------------------------------------+------------------+-------------------+--------------------+---------------------|
| BalanceDeltaLibrary (/home/ubuntu/project/retropick/retropick-protocol-metropolis/contracts/lib/v4-deployment-periphery/lib/v4-core/src/types/BalanceDelta.sol) | 70               | 98                | 24,506             | 49,054              |
|-----------------------------------------------------------------------------------------------------------------------------------------------------------------+------------------+-------------------+--------------------+---------------------|
| BeforeSwapDeltaLibrary                                                                                                                                          | 70               | 98                | 24,506             | 49,054              |
|-----------------------------------------------------------------------------------------------------------------------------------------------------------------+------------------+-------------------+--------------------+---------------------|
| CurrencyLibrary (../lib/v4-deployment-periphery/lib/v4-core/src/types/Currency.sol)                                                                             | 70               | 98                | 24,506             | 49,054              |
|-----------------------------------------------------------------------------------------------------------------------------------------------------------------+------------------+-------------------+--------------------+---------------------|
| CurrencyLibrary (/home/ubuntu/project/retropick/retropick-protocol-metropolis/contracts/lib/v4-deployment-periphery/lib/v4-core/src/types/Currency.sol)         | 70               | 98                | 24,506             | 49,054              |
|-----------------------------------------------------------------------------------------------------------------------------------------------------------------+------------------+-------------------+--------------------+---------------------|
| EIP712_v4                                                                                                                                                       | 305              | 641               | 24,271             | 48,511              |
|-----------------------------------------------------------------------------------------------------------------------------------------------------------------+------------------+-------------------+--------------------+---------------------|
| ImmutableState                                                                                                                                                  | 115              | 240               | 24,461             | 48,912              |
|-----------------------------------------------------------------------------------------------------------------------------------------------------------------+------------------+-------------------+--------------------+---------------------|
| LPFeeLibrary (../lib/v4-deployment-periphery/lib/v4-core/src/libraries/LPFeeLibrary.sol)                                                                        | 174              | 202               | 24,402             | 48,950              |
|-----------------------------------------------------------------------------------------------------------------------------------------------------------------+------------------+-------------------+--------------------+---------------------|
| LPFeeLibrary (/home/ubuntu/project/retropick/retropick-protocol-metropolis/contracts/lib/v4-deployment-periphery/lib/v4-core/src/libraries/LPFeeLibrary.sol)    | 174              | 202               | 24,402             | 48,950              |
|-----------------------------------------------------------------------------------------------------------------------------------------------------------------+------------------+-------------------+--------------------+---------------------|
| Permit2Forwarder                                                                                                                                                | 1,348            | 1,488             | 23,228             | 47,664              |
|-----------------------------------------------------------------------------------------------------------------------------------------------------------------+------------------+-------------------+--------------------+---------------------|
| PoolManager                                                                                                                                                     | 17,110           | 17,295            | 7,466              | 31,857              |
|-----------------------------------------------------------------------------------------------------------------------------------------------------------------+------------------+-------------------+--------------------+---------------------|
| PositionDescriptor                                                                                                                                              | 24,240           | 24,444            | 336                | 24,708              |
|-----------------------------------------------------------------------------------------------------------------------------------------------------------------+------------------+-------------------+--------------------+---------------------|
| PositionManager                                                                                                                                                 | 19,733           | 21,107            | 4,843              | 28,045              |
|-----------------------------------------------------------------------------------------------------------------------------------------------------------------+------------------+-------------------+--------------------+---------------------|
| ProtocolFeeLibrary                                                                                                                                              | 72               | 100               | 24,504             | 49,052              |
|-----------------------------------------------------------------------------------------------------------------------------------------------------------------+------------------+-------------------+--------------------+---------------------|
| ReentrancyLock                                                                                                                                                  | 16               | 40                | 24,560             | 49,112              |
|-----------------------------------------------------------------------------------------------------------------------------------------------------------------+------------------+-------------------+--------------------+---------------------|
| StateLibrary                                                                                                                                                    | 228              | 257               | 24,348             | 48,895              |
|-----------------------------------------------------------------------------------------------------------------------------------------------------------------+------------------+-------------------+--------------------+---------------------|
| UnorderedNonce                                                                                                                                                  | 203              | 227               | 24,373             | 48,925              |
|-----------------------------------------------------------------------------------------------------------------------------------------------------------------+------------------+-------------------+--------------------+---------------------|
| WETH                                                                                                                                                            | 2,833            | 3,950             | 21,743             | 45,202              |
╰-----------------------------------------------------------------------------------------------------------------------------------------------------------------+------------------+-------------------+--------------------+---------------------╯

Warning: AST source not found for /home/ubuntu/project/retropick/retropick-protocol-metropolis/contracts/deployment-v4/src/V4Artifacts.sol
